---
source: crates/es-fluent-core/tests/analysis_tests.rs
expression: "&infos"
---
[
  FtlTypeInfo(
    type_kind: Enum,
    type_name: "MyError",
    variants: [
      FtlVariant(
        name: "MyError",
        ftl_key: FluentKey("my_error"),
        args: [],
      ),
      FtlVariant(
        name: "Unit",
        ftl_key: FluentKey("my_error-Unit"),
        args: [],
      ),
    ],
  ),
  FtlTypeInfo(
    type_kind: Struct,
    type_name: "MyError",
    variants: [
      FtlVariant(
        name: "MyError",
        ftl_key: FluentKey("my_error"),
        args: [],
      ),
      FtlVariant(
        name: "Data",
        ftl_key: FluentKey("my_error-Data"),
        args: [
          "a",
        ],
      ),
      FtlVariant(
        name: "Tuple",
        ftl_key: FluentKey("my_error-Tuple"),
        args: [
          "f1",
        ],
      ),
    ],
  ),
]
