---
source: crates/es-fluent-core/tests/analysis_tests.rs
expression: "&infos"
---
[
  FtlTypeInfo(
    type_kind: Struct,
    type_name: "MyStruct",
    variants: [
      FtlVariant(
        name: "MyStruct",
        ftl_key: FluentKey("my_struct"),
        args: [],
      ),
      FtlVariant(
        name: "MyStruct",
        ftl_key: FluentKey("my_struct"),
        args: [
          "a",
        ],
      ),
    ],
  ),
]
