---
source: crates/es-fluent-core/tests/derive_attributes_tests.rs
expression: "&opts"
---
StructKvOpts {
    ident: Ident {
        sym: Config,
    },
    generics: Generics {
        lt_token: None,
        params: [],
        gt_token: None,
        where_clause: None,
    },
    data: Struct(
        Fields {
            style: Struct,
            fields: [
                StructKvFieldOpts {
                    ident: Some(
                        Ident {
                            sym: host,
                        },
                    ),
                    ty: Type::Path {
                        qself: None,
                        path: Path {
                            leading_colon: None,
                            segments: [
                                PathSegment {
                                    ident: Ident {
                                        sym: String,
                                    },
                                    arguments: PathArguments::None,
                                },
                            ],
                        },
                    },
                    skip: None,
                    default: None,
                },
                StructKvFieldOpts {
                    ident: Some(
                        Ident {
                            sym: port,
                        },
                    ),
                    ty: Type::Path {
                        qself: None,
                        path: Path {
                            leading_colon: None,
                            segments: [
                                PathSegment {
                                    ident: Ident {
                                        sym: u16,
                                    },
                                    arguments: PathArguments::None,
                                },
                            ],
                        },
                    },
                    skip: None,
                    default: None,
                },
                StructKvFieldOpts {
                    ident: Some(
                        Ident {
                            sym: deprecated,
                        },
                    ),
                    ty: Type::Path {
                        qself: None,
                        path: Path {
                            leading_colon: None,
                            segments: [
                                PathSegment {
                                    ident: Ident {
                                        sym: bool,
                                    },
                                    arguments: PathArguments::None,
                                },
                            ],
                        },
                    },
                    skip: Some(
                        true,
                    ),
                    default: None,
                },
            ],
            span: Some(
                bytes(0..0),
            ),
            __nonexhaustive: (),
        },
    ),
    attr_args: StructKvFluentAttributeArgs {
        display: None,
        keys: None,
        this: None,
        derive: PathList(
            [],
        ),
    },
}
