---
source: crates/es-fluent-core/tests/derive_attributes_tests.rs
expression: "&opts"
---
EnumChoiceOpts {
    ident: Ident {
        sym: Severity,
    },
    generics: Generics {
        lt_token: None,
        params: [],
        gt_token: None,
        where_clause: None,
    },
    data: Enum(
        [
            Ignored,
            Ignored,
            Ignored,
            Ignored,
            Ignored,
        ],
    ),
    attr_args: EnumChoiceAttributeArgs {
        serialize_all: Some(
            "snake_case",
        ),
    },
}
