---
source: crates/es-fluent-core/tests/derive_attributes_tests.rs
expression: "&opts"
---
StructOpts {
    ident: Ident {
        sym: Label,
    },
    generics: Generics {
        lt_token: None,
        params: [],
        gt_token: None,
        where_clause: None,
    },
    data: Struct(
        Fields {
            style: Struct,
            fields: [
                StructFieldOpts {
                    ident: Some(
                        Ident {
                            sym: text,
                        },
                    ),
                    ty: Type::Path {
                        qself: None,
                        path: Path {
                            leading_colon: None,
                            segments: [
                                PathSegment {
                                    ident: Ident {
                                        sym: String,
                                    },
                                    arguments: PathArguments::None,
                                },
                            ],
                        },
                    },
                    skip: None,
                    default: Some(
                        true,
                    ),
                    choice: None,
                },
                StructFieldOpts {
                    ident: Some(
                        Ident {
                            sym: style,
                        },
                    ),
                    ty: Type::Path {
                        qself: None,
                        path: Path {
                            leading_colon: None,
                            segments: [
                                PathSegment {
                                    ident: Ident {
                                        sym: Emphasis,
                                    },
                                    arguments: PathArguments::None,
                                },
                            ],
                        },
                    },
                    skip: None,
                    default: None,
                    choice: Some(
                        true,
                    ),
                },
                StructFieldOpts {
                    ident: Some(
                        Ident {
                            sym: developer_only_flag,
                        },
                    ),
                    ty: Type::Path {
                        qself: None,
                        path: Path {
                            leading_colon: None,
                            segments: [
                                PathSegment {
                                    ident: Ident {
                                        sym: bool,
                                    },
                                    arguments: PathArguments::None,
                                },
                            ],
                        },
                    },
                    skip: Some(
                        true,
                    ),
                    default: None,
                    choice: None,
                },
            ],
            span: Some(
                bytes(0..0),
            ),
            __nonexhaustive: (),
        },
    ),
    attr_args: StructFluentAttributeArgs {
        display: Some(
            "std",
        ),
        this: None,
        derive: PathList(
            [],
        ),
    },
}
