---
source: crates/es-fluent-core/tests/enum_mixed_variants_tests.rs
expression: "&infos"
---
[
  FtlTypeInfo(
    type_kind: Enum,
    type_name: "Mixed",
    variants: [
      FtlVariant(
        name: "Mixed",
        ftl_key: FluentKey("mixed"),
        args: [],
      ),
      FtlVariant(
        name: "UnitA",
        ftl_key: FluentKey("mixed-UnitA"),
        args: [],
      ),
      FtlVariant(
        name: "UnitB",
        ftl_key: FluentKey("mixed-UnitB"),
        args: [],
      ),
    ],
  ),
  FtlTypeInfo(
    type_kind: Struct,
    type_name: "Mixed",
    variants: [
      FtlVariant(
        name: "Mixed",
        ftl_key: FluentKey("mixed"),
        args: [],
      ),
      FtlVariant(
        name: "Data",
        ftl_key: FluentKey("mixed-Data"),
        args: [
          "x",
          "y",
        ],
      ),
      FtlVariant(
        name: "Other",
        ftl_key: FluentKey("mixed-Other"),
        args: [
          "f1",
          "f2",
        ],
      ),
    ],
  ),
]
