---
source: crates/es-fluent-core/tests/error_messages_tests.rs
expression: err.to_string()
---
"Attribute error: Unknown attribute \'foo\'"
