---
source: crates/es-fluent-core/tests/json_snapshots_tests.rs
expression: "&variant"
---
{
  "name": "Network",
  "ftl_key": "error_type-Network",
  "arguments": [
    "code",
    "message"
  ]
}
