---
source: crates/es-fluent-core/tests/options_parsing_tests.rs
expression: "&opts"
---
StructOpts {
    ident: Ident {
        sym: MyStruct,
    },
    generics: Generics {
        lt_token: None,
        params: [],
        gt_token: None,
        where_clause: None,
    },
    data: Struct(
        Fields {
            style: Struct,
            fields: [
                StructFieldOpts {
                    ident: Some(
                        Ident {
                            sym: a,
                        },
                    ),
                    ty: Type::Path {
                        qself: None,
                        path: Path {
                            leading_colon: None,
                            segments: [
                                PathSegment {
                                    ident: Ident {
                                        sym: i32,
                                    },
                                    arguments: PathArguments::None,
                                },
                            ],
                        },
                    },
                    skip: None,
                    default: None,
                    choice: None,
                },
                StructFieldOpts {
                    ident: Some(
                        Ident {
                            sym: b,
                        },
                    ),
                    ty: Type::Path {
                        qself: None,
                        path: Path {
                            leading_colon: None,
                            segments: [
                                PathSegment {
                                    ident: Ident {
                                        sym: String,
                                    },
                                    arguments: PathArguments::None,
                                },
                            ],
                        },
                    },
                    skip: Some(
                        true,
                    ),
                    default: None,
                    choice: None,
                },
                StructFieldOpts {
                    ident: Some(
                        Ident {
                            sym: c,
                        },
                    ),
                    ty: Type::Path {
                        qself: None,
                        path: Path {
                            leading_colon: None,
                            segments: [
                                PathSegment {
                                    ident: Ident {
                                        sym: bool,
                                    },
                                    arguments: PathArguments::None,
                                },
                            ],
                        },
                    },
                    skip: None,
                    default: None,
                    choice: Some(
                        true,
                    ),
                },
            ],
            span: Some(
                bytes(0..0),
            ),
            __nonexhaustive: (),
        },
    ),
    attr_args: StructFluentAttributeArgs {
        display: None,
        this: Some(
            true,
        ),
        derive: PathList(
            [],
        ),
    },
}
