---
source: crates/es-fluent-core/tests/struct_keys_tests.rs
expression: "&infos"
---
[
  FtlTypeInfo(
    type_kind: Enum,
    type_name: "MyStructErrorFtl",
    variants: [
      FtlVariant(
        name: "a",
        ftl_key: FluentKey("my_struct_error_ftl-a"),
        arguments: None,
      ),
    ],
  ),
  FtlTypeInfo(
    type_kind: Enum,
    type_name: "MyStructNoticeFtl",
    variants: [
      FtlVariant(
        name: "a",
        ftl_key: FluentKey("my_struct_notice_ftl-a"),
        arguments: None,
      ),
    ],
  ),
]
