---
source: crates/es-fluent-core/tests/struct_keys_this_more_fields_tests.rs
expression: "&infos"
---
[
  FtlTypeInfo(
    type_kind: Enum,
    type_name: "SystemConfigZedFtl",
    variants: [
      FtlVariant(
        name: "SystemConfigZedFtl",
        ftl_key: FluentKey("system_config_zed_ftl"),
        arguments: None,
      ),
      FtlVariant(
        name: "host",
        ftl_key: FluentKey("system_config_zed_ftl-host"),
        arguments: None,
      ),
      FtlVariant(
        name: "port",
        ftl_key: FluentKey("system_config_zed_ftl-port"),
        arguments: None,
      ),
      FtlVariant(
        name: "use_tls",
        ftl_key: FluentKey("system_config_zed_ftl-use_tls"),
        arguments: None,
      ),
    ],
  ),
  FtlTypeInfo(
    type_kind: Enum,
    type_name: "SystemConfigAlphaFtl",
    variants: [
      FtlVariant(
        name: "SystemConfigAlphaFtl",
        ftl_key: FluentKey("system_config_alpha_ftl"),
        arguments: None,
      ),
      FtlVariant(
        name: "host",
        ftl_key: FluentKey("system_config_alpha_ftl-host"),
        arguments: None,
      ),
      FtlVariant(
        name: "port",
        ftl_key: FluentKey("system_config_alpha_ftl-port"),
        arguments: None,
      ),
      FtlVariant(
        name: "use_tls",
        ftl_key: FluentKey("system_config_alpha_ftl-use_tls"),
        arguments: None,
      ),
    ],
  ),
  FtlTypeInfo(
    type_kind: Enum,
    type_name: "SystemConfig",
    variants: [
      FtlVariant(
        name: "SystemConfig",
        ftl_key: FluentKey("system_config"),
        arguments: None,
      ),
    ],
  ),
]
